--------------------------------------------------------------------------------
Release 14.7 Trace  (lin64)
Copyright (c) 1995-2013 Xilinx, Inc.  All rights reserved.

/opt/Xilinx/14.7/ISE_DS/ISE/bin/lin64/unwrapped/trce -intstyle ise -v 3 -s 4 -n
3 -fastpaths -xml top_module.twx top_module.ncd -o top_module.twr
top_module.pcf -ucf ports.ucf

Design file:              top_module.ncd
Physical constraint file: top_module.pcf
Device,package,speed:     xc3s500e,fg320,-4 (PRODUCTION 1.27 2013-10-13)
Report level:             verbose report

Environment Variable      Effect 
--------------------      ------ 
NONE                      No environment variables were set
--------------------------------------------------------------------------------

INFO:Timing:3412 - To improve timing, see the Timing Closure User Guide (UG612).
INFO:Timing:2752 - To get complete path coverage, use the unconstrained paths 
   option. All paths that are not constrained will be reported in the 
   unconstrained paths section(s) of the report.
INFO:Timing:3339 - The clock-to-out numbers in this timing report are based on 
   a 50 Ohm transmission line loading model.  For the details of this model, 
   and for more information on accounting for different loading conditions, 
   please see the device datasheet.
INFO:Timing:3390 - This architecture does not support a default System Jitter 
   value, please add SYSTEM_JITTER constraint to the UCF to modify the Clock 
   Uncertainty calculation.
INFO:Timing:3389 - This architecture does not support 'Discrete Jitter' and 
   'Phase Error' calculations, these terms will be zero in the Clock 
   Uncertainty calculation.  Please make appropriate modification to 
   SYSTEM_JITTER to account for the unsupported Discrete Jitter and Phase 
   Error.

================================================================================
Timing constraint: TS_clk = PERIOD TIMEGRP "clk" 10 ns HIGH 50%;
For more information, see Period Analysis in the Timing Closure User Guide (UG612).

 3 paths analyzed, 3 endpoints analyzed, 0 failing endpoints
 0 timing errors detected. (0 setup errors, 0 hold errors, 0 component switching limit errors)
 Minimum period is   4.716ns.
--------------------------------------------------------------------------------

Paths for end point genblock[127].ri/Mshreg_out_4/SRLC16E (SLICE_X54Y49.BY), 1 path
--------------------------------------------------------------------------------
Slack (setup path):     5.284ns (requirement - (data path - clock path skew + uncertainty))
  Source:               genblock[127].ri/Mshreg_out_3/SRLC16E (FF)
  Destination:          genblock[127].ri/Mshreg_out_4/SRLC16E (FF)
  Requirement:          10.000ns
  Data Path Delay:      4.716ns (Levels of Logic = 1)
  Clock Path Skew:      0.000ns
  Source Clock:         clk_BUFGP rising at 0.000ns
  Destination Clock:    clk_BUFGP rising at 10.000ns
  Clock Uncertainty:    0.000ns

  Maximum Data Path: genblock[127].ri/Mshreg_out_3/SRLC16E to genblock[127].ri/Mshreg_out_4/SRLC16E
    Location             Delay type         Delay(ns)  Physical Resource
                                                       Logical Resource(s)
    -------------------------------------------------  -------------------
    SLICE_X54Y52.XB      Tregxb                3.583   genblock[127].ri/Mshreg_out_3
                                                       genblock[127].ri/Mshreg_out_3/SRLC16E.CE
                                                       genblock[127].ri/Mshreg_out_3/SRLC16E
    SLICE_X54Y49.BY      net (fanout=1)        0.691   genblock[127].ri/Mshreg_out_3
    SLICE_X54Y49.CLK     Tds                   0.442   genblock[127].ri/Mshreg_out_5
                                                       genblock[127].ri/Mshreg_out_4/SRLC16E
    -------------------------------------------------  ---------------------------
    Total                                      4.716ns (4.025ns logic, 0.691ns route)
                                                       (85.3% logic, 14.7% route)

--------------------------------------------------------------------------------

Paths for end point genblock[127].ri/Mshreg_out_2/SRLC16E (SLICE_X54Y52.SHIFTIN), 1 path
--------------------------------------------------------------------------------
Slack (setup path):     6.570ns (requirement - (data path - clock path skew + uncertainty))
  Source:               genblock[127].ri/Mshreg_out_1/SRLC16E (FF)
  Destination:          genblock[127].ri/Mshreg_out_2/SRLC16E (FF)
  Requirement:          10.000ns
  Data Path Delay:      3.430ns (Levels of Logic = 1)
  Clock Path Skew:      0.000ns
  Source Clock:         clk_BUFGP rising at 0.000ns
  Destination Clock:    clk_BUFGP rising at 10.000ns
  Clock Uncertainty:    0.000ns

  Maximum Data Path: genblock[127].ri/Mshreg_out_1/SRLC16E to genblock[127].ri/Mshreg_out_2/SRLC16E
    Location             Delay type         Delay(ns)  Physical Resource
                                                       Logical Resource(s)
    -------------------------------------------------  -------------------
    SLICE_X54Y53.SHIFTOUTTcksh                 3.262   genblock[127].ri/Mshreg_out_1
                                                       genblock[127].ri/Mshreg_out_1/SRLC16E.CE
                                                       genblock[127].ri/Mshreg_out_1/SRLC16E
    SLICE_X54Y52.SHIFTIN net (fanout=1)        0.000   genblock[127].ri/Mshreg_out_1
    SLICE_X54Y52.CLK                           0.168   genblock[127].ri/Mshreg_out_3
                                                       genblock[127].ri/Mshreg_out_2/SRLC16E
    -------------------------------------------------  ---------------------------
    Total                                      3.430ns (3.430ns logic, 0.000ns route)
                                                       (100.0% logic, 0.0% route)

--------------------------------------------------------------------------------

Paths for end point genblock[127].ri/Mshreg_out_6/SRLC16E (SLICE_X54Y48.SHIFTIN), 1 path
--------------------------------------------------------------------------------
Slack (setup path):     6.570ns (requirement - (data path - clock path skew + uncertainty))
  Source:               genblock[127].ri/Mshreg_out_5/SRLC16E (FF)
  Destination:          genblock[127].ri/Mshreg_out_6/SRLC16E (FF)
  Requirement:          10.000ns
  Data Path Delay:      3.430ns (Levels of Logic = 1)
  Clock Path Skew:      0.000ns
  Source Clock:         clk_BUFGP rising at 0.000ns
  Destination Clock:    clk_BUFGP rising at 10.000ns
  Clock Uncertainty:    0.000ns

  Maximum Data Path: genblock[127].ri/Mshreg_out_5/SRLC16E to genblock[127].ri/Mshreg_out_6/SRLC16E
    Location             Delay type         Delay(ns)  Physical Resource
                                                       Logical Resource(s)
    -------------------------------------------------  -------------------
    SLICE_X54Y49.SHIFTOUTTcksh                 3.262   genblock[127].ri/Mshreg_out_5
                                                       genblock[127].ri/Mshreg_out_5/SRLC16E.CE
                                                       genblock[127].ri/Mshreg_out_5/SRLC16E
    SLICE_X54Y48.SHIFTIN net (fanout=1)        0.000   genblock[127].ri/Mshreg_out_5
    SLICE_X54Y48.CLK                           0.168   genblock[127].ri/out
                                                       genblock[127].ri/Mshreg_out_6/SRLC16E
    -------------------------------------------------  ---------------------------
    Total                                      3.430ns (3.430ns logic, 0.000ns route)
                                                       (100.0% logic, 0.0% route)

--------------------------------------------------------------------------------

Hold Paths: TS_clk = PERIOD TIMEGRP "clk" 10 ns HIGH 50%;
--------------------------------------------------------------------------------

Paths for end point genblock[127].ri/Mshreg_out_2/SRLC16E (SLICE_X54Y52.SHIFTIN), 1 path
--------------------------------------------------------------------------------
Slack (hold path):      2.264ns (requirement - (clock path skew + uncertainty - data path))
  Source:               genblock[127].ri/Mshreg_out_1/SRLC16E (FF)
  Destination:          genblock[127].ri/Mshreg_out_2/SRLC16E (FF)
  Requirement:          0.000ns
  Data Path Delay:      2.264ns (Levels of Logic = 1)
  Clock Path Skew:      0.000ns
  Source Clock:         clk_BUFGP rising at 10.000ns
  Destination Clock:    clk_BUFGP rising at 10.000ns
  Clock Uncertainty:    0.000ns

  Minimum Data Path: genblock[127].ri/Mshreg_out_1/SRLC16E to genblock[127].ri/Mshreg_out_2/SRLC16E
    Location             Delay type         Delay(ns)  Physical Resource
                                                       Logical Resource(s)
    -------------------------------------------------  -------------------
    SLICE_X54Y53.SHIFTOUTTcksh                 2.610   genblock[127].ri/Mshreg_out_1
                                                       genblock[127].ri/Mshreg_out_1/SRLC16E.CE
                                                       genblock[127].ri/Mshreg_out_1/SRLC16E
    SLICE_X54Y52.SHIFTIN net (fanout=1)        0.000   genblock[127].ri/Mshreg_out_1
    SLICE_X54Y52.CLK                 (-Th)     0.346   genblock[127].ri/Mshreg_out_3
                                                       genblock[127].ri/Mshreg_out_2/SRLC16E
    -------------------------------------------------  ---------------------------
    Total                                      2.264ns (2.264ns logic, 0.000ns route)
                                                       (100.0% logic, 0.0% route)

--------------------------------------------------------------------------------

Paths for end point genblock[127].ri/Mshreg_out_6/SRLC16E (SLICE_X54Y48.SHIFTIN), 1 path
--------------------------------------------------------------------------------
Slack (hold path):      2.264ns (requirement - (clock path skew + uncertainty - data path))
  Source:               genblock[127].ri/Mshreg_out_5/SRLC16E (FF)
  Destination:          genblock[127].ri/Mshreg_out_6/SRLC16E (FF)
  Requirement:          0.000ns
  Data Path Delay:      2.264ns (Levels of Logic = 1)
  Clock Path Skew:      0.000ns
  Source Clock:         clk_BUFGP rising at 10.000ns
  Destination Clock:    clk_BUFGP rising at 10.000ns
  Clock Uncertainty:    0.000ns

  Minimum Data Path: genblock[127].ri/Mshreg_out_5/SRLC16E to genblock[127].ri/Mshreg_out_6/SRLC16E
    Location             Delay type         Delay(ns)  Physical Resource
                                                       Logical Resource(s)
    -------------------------------------------------  -------------------
    SLICE_X54Y49.SHIFTOUTTcksh                 2.610   genblock[127].ri/Mshreg_out_5
                                                       genblock[127].ri/Mshreg_out_5/SRLC16E.CE
                                                       genblock[127].ri/Mshreg_out_5/SRLC16E
    SLICE_X54Y48.SHIFTIN net (fanout=1)        0.000   genblock[127].ri/Mshreg_out_5
    SLICE_X54Y48.CLK                 (-Th)     0.346   genblock[127].ri/out
                                                       genblock[127].ri/Mshreg_out_6/SRLC16E
    -------------------------------------------------  ---------------------------
    Total                                      2.264ns (2.264ns logic, 0.000ns route)
                                                       (100.0% logic, 0.0% route)

--------------------------------------------------------------------------------

Paths for end point genblock[127].ri/Mshreg_out_4/SRLC16E (SLICE_X54Y49.BY), 1 path
--------------------------------------------------------------------------------
Slack (hold path):      3.289ns (requirement - (clock path skew + uncertainty - data path))
  Source:               genblock[127].ri/Mshreg_out_3/SRLC16E (FF)
  Destination:          genblock[127].ri/Mshreg_out_4/SRLC16E (FF)
  Requirement:          0.000ns
  Data Path Delay:      3.292ns (Levels of Logic = 1)
  Clock Path Skew:      0.003ns (0.016 - 0.013)
  Source Clock:         clk_BUFGP rising at 10.000ns
  Destination Clock:    clk_BUFGP rising at 10.000ns
  Clock Uncertainty:    0.000ns

  Minimum Data Path: genblock[127].ri/Mshreg_out_3/SRLC16E to genblock[127].ri/Mshreg_out_4/SRLC16E
    Location             Delay type         Delay(ns)  Physical Resource
                                                       Logical Resource(s)
    -------------------------------------------------  -------------------
    SLICE_X54Y52.XB      Tregxb                2.866   genblock[127].ri/Mshreg_out_3
                                                       genblock[127].ri/Mshreg_out_3/SRLC16E.CE
                                                       genblock[127].ri/Mshreg_out_3/SRLC16E
    SLICE_X54Y49.BY      net (fanout=1)        0.553   genblock[127].ri/Mshreg_out_3
    SLICE_X54Y49.CLK     Tdh         (-Th)     0.127   genblock[127].ri/Mshreg_out_5
                                                       genblock[127].ri/Mshreg_out_4/SRLC16E
    -------------------------------------------------  ---------------------------
    Total                                      3.292ns (2.739ns logic, 0.553ns route)
                                                       (83.2% logic, 16.8% route)

--------------------------------------------------------------------------------

Component Switching Limit Checks: TS_clk = PERIOD TIMEGRP "clk" 10 ns HIGH 50%;
--------------------------------------------------------------------------------
Slack: 7.986ns (period - (min low pulse limit / (low pulse / period)))
  Period: 10.000ns
  Low pulse: 5.000ns
  Low pulse limit: 1.007ns (Twpl)
  Physical resource: genblock[127].ri/Mshreg_out_3/CLK
  Logical resource: genblock[127].ri/Mshreg_out_3/SRLC16E/WS
  Location pin: SLICE_X54Y52.CLK
  Clock network: clk_BUFGP
--------------------------------------------------------------------------------
Slack: 7.986ns (period - (min high pulse limit / (high pulse / period)))
  Period: 10.000ns
  High pulse: 5.000ns
  High pulse limit: 1.007ns (Twph)
  Physical resource: genblock[127].ri/Mshreg_out_3/CLK
  Logical resource: genblock[127].ri/Mshreg_out_3/SRLC16E/WS
  Location pin: SLICE_X54Y52.CLK
  Clock network: clk_BUFGP
--------------------------------------------------------------------------------
Slack: 7.986ns (period - min period limit)
  Period: 10.000ns
  Min period limit: 2.014ns (496.524MHz) (Tcp)
  Physical resource: genblock[127].ri/Mshreg_out_3/CLK
  Logical resource: genblock[127].ri/Mshreg_out_3/SRLC16E/WS
  Location pin: SLICE_X54Y52.CLK
  Clock network: clk_BUFGP
--------------------------------------------------------------------------------

================================================================================
Timing constraint: COMP "in" OFFSET = IN 10 ns VALID 10 ns BEFORE COMP "clk" 
"RISING";
For more information, see Offset In Analysis in the Timing Closure User Guide (UG612).

 1 path analyzed, 1 endpoint analyzed, 0 failing endpoints
 0 timing errors detected. (0 setup errors, 0 hold errors)
 Minimum allowable offset is   5.167ns.
--------------------------------------------------------------------------------

Paths for end point genblock[127].ri/Mshreg_out_0/SRLC16E (SLICE_X54Y53.BY), 1 path
--------------------------------------------------------------------------------
Slack (setup path):     4.833ns (requirement - (data path - clock path - clock arrival + uncertainty))
  Source:               in (PAD)
  Destination:          genblock[127].ri/Mshreg_out_0/SRLC16E (FF)
  Destination Clock:    clk_BUFGP rising at 0.000ns
  Requirement:          10.000ns
  Data Path Delay:      7.532ns (Levels of Logic = 2)
  Clock Path Delay:     2.365ns (Levels of Logic = 2)
  Clock Uncertainty:    0.000ns

  Maximum Data Path: in to genblock[127].ri/Mshreg_out_0/SRLC16E
    Location             Delay type         Delay(ns)  Physical Resource
                                                       Logical Resource(s)
    -------------------------------------------------  -------------------
    L15.I                Tiopi                 1.300   in
                                                       in
                                                       in_IBUF
    SLICE_X54Y53.BY      net (fanout=1)        5.790   in_IBUF
    SLICE_X54Y53.CLK     Tds                   0.442   genblock[127].ri/Mshreg_out_1
                                                       genblock[127].ri/Mshreg_out_0/SRLC16E
    -------------------------------------------------  ---------------------------
    Total                                      7.532ns (1.742ns logic, 5.790ns route)
                                                       (23.1% logic, 76.9% route)

  Minimum Clock Path: clk to genblock[127].ri/Mshreg_out_0/SRLC16E
    Location             Delay type         Delay(ns)  Physical Resource
                                                       Logical Resource(s)
    -------------------------------------------------  -------------------
    B8.I                 Tiopi                 1.040   clk
                                                       clk
                                                       clk_BUFGP/IBUFG
    BUFGMUX_X2Y11.I0     net (fanout=1)        0.036   clk_BUFGP/IBUFG
    BUFGMUX_X2Y11.O      Tgi0o                 1.166   clk_BUFGP/BUFG
                                                       clk_BUFGP/BUFG.GCLKMUX
                                                       clk_BUFGP/BUFG
    SLICE_X54Y53.CLK     net (fanout=4)        0.123   clk_BUFGP
    -------------------------------------------------  ---------------------------
    Total                                      2.365ns (2.206ns logic, 0.159ns route)
                                                       (93.3% logic, 6.7% route)

--------------------------------------------------------------------------------

Hold Paths: COMP "in" OFFSET = IN 10 ns VALID 10 ns BEFORE COMP "clk" "RISING";
--------------------------------------------------------------------------------

Paths for end point genblock[127].ri/Mshreg_out_0/SRLC16E (SLICE_X54Y53.BY), 1 path
--------------------------------------------------------------------------------
Slack (hold path):      2.598ns (requirement - (clock path + clock arrival + uncertainty - data path))
  Source:               in (PAD)
  Destination:          genblock[127].ri/Mshreg_out_0/SRLC16E (FF)
  Destination Clock:    clk_BUFGP rising at 0.000ns
  Requirement:          0.000ns
  Data Path Delay:      5.545ns (Levels of Logic = 2)
  Clock Path Delay:     2.947ns (Levels of Logic = 2)
  Clock Uncertainty:    0.000ns

  Minimum Data Path: in to genblock[127].ri/Mshreg_out_0/SRLC16E
    Location             Delay type         Delay(ns)  Physical Resource
                                                       Logical Resource(s)
    -------------------------------------------------  -------------------
    L15.I                Tiopi                 1.040   in
                                                       in
                                                       in_IBUF
    SLICE_X54Y53.BY      net (fanout=1)        4.632   in_IBUF
    SLICE_X54Y53.CLK     Tdh         (-Th)     0.127   genblock[127].ri/Mshreg_out_1
                                                       genblock[127].ri/Mshreg_out_0/SRLC16E
    -------------------------------------------------  ---------------------------
    Total                                      5.545ns (0.913ns logic, 4.632ns route)
                                                       (16.5% logic, 83.5% route)

  Maximum Clock Path: clk to genblock[127].ri/Mshreg_out_0/SRLC16E
    Location             Delay type         Delay(ns)  Physical Resource
                                                       Logical Resource(s)
    -------------------------------------------------  -------------------
    B8.I                 Tiopi                 1.300   clk
                                                       clk
                                                       clk_BUFGP/IBUFG
    BUFGMUX_X2Y11.I0     net (fanout=1)        0.046   clk_BUFGP/IBUFG
    BUFGMUX_X2Y11.O      Tgi0o                 1.457   clk_BUFGP/BUFG
                                                       clk_BUFGP/BUFG.GCLKMUX
                                                       clk_BUFGP/BUFG
    SLICE_X54Y53.CLK     net (fanout=4)        0.144   clk_BUFGP
    -------------------------------------------------  ---------------------------
    Total                                      2.947ns (2.757ns logic, 0.190ns route)
                                                       (93.6% logic, 6.4% route)

--------------------------------------------------------------------------------

================================================================================
Timing constraint: COMP "out" OFFSET = OUT 10 ns AFTER COMP "clk";
For more information, see Offset Out Analysis in the Timing Closure User Guide (UG612).

 1 path analyzed, 1 endpoint analyzed, 0 failing endpoints
 0 timing errors detected.
 Minimum allowable offset is   8.605ns.
--------------------------------------------------------------------------------

Paths for end point out (L16.PAD), 1 path
--------------------------------------------------------------------------------
Slack (slowest paths):  1.395ns (requirement - (clock arrival + clock path + data path + uncertainty))
  Source:               genblock[127].ri/out (FF)
  Destination:          out (PAD)
  Source Clock:         clk_BUFGP rising at 0.000ns
  Requirement:          10.000ns
  Data Path Delay:      5.655ns (Levels of Logic = 1)
  Clock Path Delay:     2.950ns (Levels of Logic = 2)
  Clock Uncertainty:    0.000ns

  Maximum Clock Path: clk to genblock[127].ri/out
    Location             Delay type         Delay(ns)  Physical Resource
                                                       Logical Resource(s)
    -------------------------------------------------  -------------------
    B8.I                 Tiopi                 1.300   clk
                                                       clk
                                                       clk_BUFGP/IBUFG
    BUFGMUX_X2Y11.I0     net (fanout=1)        0.046   clk_BUFGP/IBUFG
    BUFGMUX_X2Y11.O      Tgi0o                 1.457   clk_BUFGP/BUFG
                                                       clk_BUFGP/BUFG.GCLKMUX
                                                       clk_BUFGP/BUFG
    SLICE_X54Y48.CLK     net (fanout=4)        0.147   clk_BUFGP
    -------------------------------------------------  ---------------------------
    Total                                      2.950ns (2.757ns logic, 0.193ns route)
                                                       (93.5% logic, 6.5% route)

  Maximum Data Path: genblock[127].ri/out to out
    Location             Delay type         Delay(ns)  Physical Resource
                                                       Logical Resource(s)
    -------------------------------------------------  -------------------
    SLICE_X54Y48.XQ      Tcko                  0.592   genblock[127].ri/out
                                                       genblock[127].ri/out
    L16.O1               net (fanout=1)        1.815   genblock[127].ri/out
    L16.PAD              Tioop                 3.248   out
                                                       out_OBUF
                                                       out
    -------------------------------------------------  ---------------------------
    Total                                      5.655ns (3.840ns logic, 1.815ns route)
                                                       (67.9% logic, 32.1% route)

--------------------------------------------------------------------------------

Fastest Paths: COMP "out" OFFSET = OUT 10 ns AFTER COMP "clk";
--------------------------------------------------------------------------------

Paths for end point out (L16.PAD), 1 path
--------------------------------------------------------------------------------
Delay (fastest paths):  7.027ns (clock arrival + clock path + data path - uncertainty)
  Source:               genblock[127].ri/out (FF)
  Destination:          out (PAD)
  Source Clock:         clk_BUFGP rising at 0.000ns
  Data Path Delay:      4.660ns (Levels of Logic = 1)
  Clock Path Delay:     2.367ns (Levels of Logic = 2)
  Clock Uncertainty:    0.000ns

  Minimum Clock Path: clk to genblock[127].ri/out
    Location             Delay type         Delay(ns)  Physical Resource
                                                       Logical Resource(s)
    -------------------------------------------------  -------------------
    B8.I                 Tiopi                 1.040   clk
                                                       clk
                                                       clk_BUFGP/IBUFG
    BUFGMUX_X2Y11.I0     net (fanout=1)        0.036   clk_BUFGP/IBUFG
    BUFGMUX_X2Y11.O      Tgi0o                 1.166   clk_BUFGP/BUFG
                                                       clk_BUFGP/BUFG.GCLKMUX
                                                       clk_BUFGP/BUFG
    SLICE_X54Y48.CLK     net (fanout=4)        0.125   clk_BUFGP
    -------------------------------------------------  ---------------------------
    Total                                      2.367ns (2.206ns logic, 0.161ns route)
                                                       (93.2% logic, 6.8% route)

  Minimum Data Path: genblock[127].ri/out to out
    Location             Delay type         Delay(ns)  Physical Resource
                                                       Logical Resource(s)
    -------------------------------------------------  -------------------
    SLICE_X54Y48.XQ      Tcko                  0.474   genblock[127].ri/out
                                                       genblock[127].ri/out
    L16.O1               net (fanout=1)        1.452   genblock[127].ri/out
    L16.PAD              Tioop                 2.734   out
                                                       out_OBUF
                                                       out
    -------------------------------------------------  ---------------------------
    Total                                      4.660ns (3.208ns logic, 1.452ns route)
                                                       (68.8% logic, 31.2% route)

--------------------------------------------------------------------------------


All constraints were met.


Data Sheet report:
-----------------
All values displayed in nanoseconds (ns)

Setup/Hold to clock clk
------------+------------+------------+------------------+--------+
            |Max Setup to|Max Hold to |                  | Clock  |
Source      | clk (edge) | clk (edge) |Internal Clock(s) | Phase  |
------------+------------+------------+------------------+--------+
in          |    5.167(R)|   -2.598(R)|clk_BUFGP         |   0.000|
------------+------------+------------+------------------+--------+

Clock clk to Pad
------------+------------+------------------+--------+
            | clk (edge) |                  | Clock  |
Destination |   to PAD   |Internal Clock(s) | Phase  |
------------+------------+------------------+--------+
out         |    8.605(R)|clk_BUFGP         |   0.000|
------------+------------+------------------+--------+

Clock to Setup on destination clock clk
---------------+---------+---------+---------+---------+
               | Src:Rise| Src:Fall| Src:Rise| Src:Fall|
Source Clock   |Dest:Rise|Dest:Rise|Dest:Fall|Dest:Fall|
---------------+---------+---------+---------+---------+
clk            |    4.716|         |         |         |
---------------+---------+---------+---------+---------+

COMP "in" OFFSET = IN 10 ns VALID 10 ns BEFORE COMP "clk" "RISING";
Worst Case Data Window 2.569; Ideal Clock Offset To Actual Clock -1.118; 
------------------+------------+------------+---------+---------+-------------+
                  |            |            |  Setup  |  Hold   |Source Offset|
Source            |   Setup    |    Hold    |  Slack  |  Slack  |  To Center  |
------------------+------------+------------+---------+---------+-------------+
in                |    5.167(R)|   -2.598(R)|    4.833|    2.598|        1.118|
------------------+------------+------------+---------+---------+-------------+
Worst Case Summary|       5.167|      -2.598|    4.833|    2.598|             |
------------------+------------+------------+---------+---------+-------------+

COMP "out" OFFSET = OUT 10 ns AFTER COMP "clk";
Bus Skew: 0.000 ns; 
-----------------------------------------------+-------------+--------------+
PAD                                            | Delay (ns)  |Edge Skew (ns)|
-----------------------------------------------+-------------+--------------+
out                                            |        8.605|         0.000|
-----------------------------------------------+-------------+--------------+


Timing summary:
---------------

Timing errors: 0  Score: 0  (Setup/Max: 0, Hold: 0)

Constraints cover 5 paths, 0 nets, and 10 connections

Design statistics:
   Minimum period:   4.716ns{1}   (Maximum frequency: 212.044MHz)
   Minimum input required time before clock:   5.167ns
   Minimum output required time after clock:   8.605ns


------------------------------------Footnotes-----------------------------------
1)  The minimum period statistic assumes all single cycle delays.

Analysis completed Fri May 19 19:48:38 2023 
--------------------------------------------------------------------------------

Trace Settings:
-------------------------
Trace Settings 

Peak Memory Usage: 359 MB



