Release 14.7 - xst P.20131013 (lin64)
Copyright (c) 1995-2013 Xilinx, Inc.  All rights reserved.
--> 
Parameter TMPDIR set to xst/projnav.tmp


Total REAL time to Xst completion: 0.00 secs
Total CPU time to Xst completion: 0.05 secs
 
--> 
Parameter xsthdpdir set to xst


Total REAL time to Xst completion: 0.00 secs
Total CPU time to Xst completion: 0.05 secs
 
--> 
Reading design: PPS_generator.prj

TABLE OF CONTENTS
  1) Synthesis Options Summary
  2) HDL Compilation
  3) Design Hierarchy Analysis
  4) HDL Analysis
  5) HDL Synthesis
     5.1) HDL Synthesis Report
  6) Advanced HDL Synthesis
     6.1) Advanced HDL Synthesis Report
  7) Low Level Synthesis
  8) Partition Report
  9) Final Report
	9.1) Device utilization summary
	9.2) Partition Resource Summary
	9.3) TIMING REPORT


=========================================================================
*                      Synthesis Options Summary                        *
=========================================================================
---- Source Parameters
Input File Name                    : "PPS_generator.prj"
Input Format                       : mixed
Ignore Synthesis Constraint File   : NO

---- Target Parameters
Output File Name                   : "PPS_generator"
Output Format                      : NGC
Target Device                      : xc3s500e-4-fg320

---- Source Options
Top Module Name                    : PPS_generator
Automatic FSM Extraction           : YES
FSM Encoding Algorithm             : Auto
Safe Implementation                : No
FSM Style                          : LUT
RAM Extraction                     : Yes
RAM Style                          : Auto
ROM Extraction                     : Yes
Mux Style                          : Auto
Decoder Extraction                 : YES
Priority Encoder Extraction        : Yes
Shift Register Extraction          : YES
Logical Shifter Extraction         : YES
XOR Collapsing                     : YES
ROM Style                          : Auto
Mux Extraction                     : Yes
Resource Sharing                   : YES
Asynchronous To Synchronous        : NO
Multiplier Style                   : Auto
Automatic Register Balancing       : No

---- Target Options
Add IO Buffers                     : YES
Global Maximum Fanout              : 100000
Add Generic Clock Buffer(BUFG)     : 24
Register Duplication               : YES
Slice Packing                      : YES
Optimize Instantiated Primitives   : NO
Use Clock Enable                   : Yes
Use Synchronous Set                : Yes
Use Synchronous Reset              : Yes
Pack IO Registers into IOBs        : Auto
Equivalent register Removal        : YES

---- General Options
Optimization Goal                  : Speed
Optimization Effort                : 1
Keep Hierarchy                     : No
Netlist Hierarchy                  : As_Optimized
RTL Output                         : Yes
Global Optimization                : AllClockNets
Read Cores                         : YES
Write Timing Constraints           : NO
Cross Clock Analysis               : NO
Hierarchy Separator                : /
Bus Delimiter                      : <>
Case Specifier                     : Maintain
Slice Utilization Ratio            : 100
BRAM Utilization Ratio             : 100
Verilog 2001                       : YES
Auto BRAM Packing                  : NO
Slice Utilization Ratio Delta      : 5

=========================================================================


=========================================================================
*                          HDL Compilation                              *
=========================================================================
Compiling verilog file "counter.v" in library work
Compiling verilog file "PPS_generator.v" in library work
Module <counter> compiled
Module <PPS_generator> compiled
No errors in compilation
Analysis of file <"PPS_generator.prj"> succeeded.
 

=========================================================================
*                     Design Hierarchy Analysis                         *
=========================================================================
Analyzing hierarchy for module <PPS_generator> in library <work> with parameters.
	Nbits = "00000000000000000000000000011010"
	nclks_high = "00000000000000000010011100010000"
	nclks_total = "00000010111110101111000010000000"

Analyzing hierarchy for module <counter> in library <work> with parameters.
	Nbits = "00000000000000000000000000011010"
	nclks_total = "00000010111110101111000010000000"


=========================================================================
*                            HDL Analysis                               *
=========================================================================
Analyzing top module <PPS_generator>.
	Nbits = 32'sb00000000000000000000000000011010
	nclks_high = 32'sb00000000000000000010011100010000
	nclks_total = 32'sb00000010111110101111000010000000
Module <PPS_generator> is correct for synthesis.
 
Analyzing module <counter> in library <work>.
	Nbits = 32'sb00000000000000000000000000011010
	nclks_total = 32'sb00000010111110101111000010000000
Module <counter> is correct for synthesis.
 

=========================================================================
*                           HDL Synthesis                               *
=========================================================================

Performing bidirectional port resolution...

Synthesizing Unit <counter>.
    Related source file is "counter.v".
    Found 26-bit up counter for signal <counter_out>.
    Summary:
	inferred   1 Counter(s).
Unit <counter> synthesized.


Synthesizing Unit <PPS_generator>.
    Related source file is "PPS_generator.v".
    Register <PPS1_out> equivalent to <led> has been removed
    Found 1-bit register for signal <led>.
    Found 26-bit comparator less for signal <led$cmp_lt0000> created at line 43.
    Found 26-bit register for signal <n_clocks>.
    Summary:
	inferred  27 D-type flip-flop(s).
	inferred   1 Comparator(s).
Unit <PPS_generator> synthesized.


=========================================================================
HDL Synthesis Report

Macro Statistics
# Counters                                             : 1
 26-bit up counter                                     : 1
# Registers                                            : 2
 1-bit register                                        : 1
 26-bit register                                       : 1
# Comparators                                          : 1
 26-bit comparator less                                : 1

=========================================================================

=========================================================================
*                       Advanced HDL Synthesis                          *
=========================================================================


=========================================================================
Advanced HDL Synthesis Report

Macro Statistics
# Counters                                             : 1
 26-bit up counter                                     : 1
# Registers                                            : 27
 Flip-Flops                                            : 27
# Comparators                                          : 1
 26-bit comparator less                                : 1

=========================================================================

=========================================================================
*                         Low Level Synthesis                           *
=========================================================================
WARNING:Xst:2677 - Node <n_clocks_0> of sequential type is unconnected in block <PPS_generator>.
WARNING:Xst:2677 - Node <n_clocks_1> of sequential type is unconnected in block <PPS_generator>.
WARNING:Xst:2677 - Node <n_clocks_2> of sequential type is unconnected in block <PPS_generator>.
WARNING:Xst:2677 - Node <n_clocks_3> of sequential type is unconnected in block <PPS_generator>.

Optimizing unit <PPS_generator> ...

Mapping all equations...
Building and optimizing final netlist ...
Found area constraint ratio of 100 (+ 5) on block PPS_generator, actual ratio is 0.

Final Macro Processing ...

=========================================================================
Final Register Report

Macro Statistics
# Registers                                            : 49
 Flip-Flops                                            : 49

=========================================================================

=========================================================================
*                           Partition Report                            *
=========================================================================

Partition Implementation Status
-------------------------------

  No Partitions were found in this design.

-------------------------------

=========================================================================
*                            Final Report                               *
=========================================================================
Final Results
RTL Top Level Output File Name     : PPS_generator.ngr
Top Level Output File Name         : PPS_generator
Output Format                      : NGC
Optimization Goal                  : Speed
Keep Hierarchy                     : No

Design Statistics
# IOs                              : 3

Cell Usage :
# BELS                             : 109
#      GND                         : 1
#      INV                         : 1
#      LUT1                        : 27
#      LUT2                        : 2
#      LUT3                        : 2
#      LUT4                        : 9
#      MUXCY                       : 40
#      VCC                         : 1
#      XORCY                       : 26
# FlipFlops/Latches                : 49
#      FD                          : 22
#      FDR                         : 27
# Clock Buffers                    : 1
#      BUFGP                       : 1
# IO Buffers                       : 2
#      OBUF                        : 2
=========================================================================

Device utilization summary:
---------------------------

Selected Device : 3s500efg320-4 

 Number of Slices:                       35  out of   4656     0%  
 Number of Slice Flip Flops:             49  out of   9312     0%  
 Number of 4 input LUTs:                 41  out of   9312     0%  
 Number of IOs:                           3
 Number of bonded IOBs:                   3  out of    232     1%  
 Number of GCLKs:                         1  out of     24     4%  

---------------------------
Partition Resource Summary:
---------------------------

  No Partitions were found in this design.

---------------------------


=========================================================================
TIMING REPORT

NOTE: THESE TIMING NUMBERS ARE ONLY A SYNTHESIS ESTIMATE.
      FOR ACCURATE TIMING INFORMATION PLEASE REFER TO THE TRACE REPORT
      GENERATED AFTER PLACE-and-ROUTE.

Clock Information:
------------------
-----------------------------------+------------------------+-------+
Clock Signal                       | Clock buffer(FF name)  | Load  |
-----------------------------------+------------------------+-------+
clk                                | BUFGP                  | 49    |
-----------------------------------+------------------------+-------+

Asynchronous Control Signals Information:
----------------------------------------
No asynchronous control signals found in this design

Timing Summary:
---------------
Speed Grade: -4

   Minimum period: 5.262ns (Maximum Frequency: 190.030MHz)
   Minimum input arrival time before clock: No path found
   Maximum output required time after clock: 4.310ns
   Maximum combinational path delay: No path found

Timing Detail:
--------------
All values displayed in nanoseconds (ns)

=========================================================================
Timing constraint: Default period analysis for Clock 'clk'
  Clock period: 5.262ns (frequency: 190.030MHz)
  Total number of paths / destination ports: 1071 / 75
-------------------------------------------------------------------------
Delay:               5.262ns (Levels of Logic = 8)
  Source:            PPS_counter/counter_out_5 (FF)
  Destination:       PPS_counter/counter_out_0 (FF)
  Source Clock:      clk rising
  Destination Clock: clk rising

  Data Path: PPS_counter/counter_out_5 to PPS_counter/counter_out_0
                                Gate     Net
    Cell:in->out      fanout   Delay   Delay  Logical Name (Net Name)
    ----------------------------------------  ------------
     FDR:C->Q              3   0.591   0.706  PPS_counter/counter_out_5 (PPS_counter/counter_out_5)
     LUT2:I0->O            1   0.704   0.000  PPS_counter/counter_out_cmp_eq0000_wg_lut<0> (PPS_counter/counter_out_cmp_eq0000_wg_lut<0>)
     MUXCY:S->O            1   0.464   0.000  PPS_counter/counter_out_cmp_eq0000_wg_cy<0> (PPS_counter/counter_out_cmp_eq0000_wg_cy<0>)
     MUXCY:CI->O           1   0.059   0.000  PPS_counter/counter_out_cmp_eq0000_wg_cy<1> (PPS_counter/counter_out_cmp_eq0000_wg_cy<1>)
     MUXCY:CI->O           1   0.059   0.000  PPS_counter/counter_out_cmp_eq0000_wg_cy<2> (PPS_counter/counter_out_cmp_eq0000_wg_cy<2>)
     MUXCY:CI->O           1   0.059   0.000  PPS_counter/counter_out_cmp_eq0000_wg_cy<3> (PPS_counter/counter_out_cmp_eq0000_wg_cy<3>)
     MUXCY:CI->O           1   0.059   0.000  PPS_counter/counter_out_cmp_eq0000_wg_cy<4> (PPS_counter/counter_out_cmp_eq0000_wg_cy<4>)
     MUXCY:CI->O           1   0.059   0.000  PPS_counter/counter_out_cmp_eq0000_wg_cy<5> (PPS_counter/counter_out_cmp_eq0000_wg_cy<5>)
     MUXCY:CI->O          26   0.331   1.260  PPS_counter/counter_out_cmp_eq0000_wg_cy<6> (PPS_counter/counter_out_cmp_eq0000)
     FDR:R                     0.911          PPS_counter/counter_out_0
    ----------------------------------------
    Total                      5.262ns (3.296ns logic, 1.966ns route)
                                       (62.6% logic, 37.4% route)

=========================================================================
Timing constraint: Default OFFSET OUT AFTER for Clock 'clk'
  Total number of paths / destination ports: 2 / 2
-------------------------------------------------------------------------
Offset:              4.310ns (Levels of Logic = 1)
  Source:            led (FF)
  Destination:       PPS1_out (PAD)
  Source Clock:      clk rising

  Data Path: led to PPS1_out
                                Gate     Net
    Cell:in->out      fanout   Delay   Delay  Logical Name (Net Name)
    ----------------------------------------  ------------
     FDR:C->Q              2   0.591   0.447  led (led_OBUF)
     OBUF:I->O                 3.272          PPS1_out_OBUF (PPS1_out)
    ----------------------------------------
    Total                      4.310ns (3.863ns logic, 0.447ns route)
                                       (89.6% logic, 10.4% route)

=========================================================================


Total REAL time to Xst completion: 4.00 secs
Total CPU time to Xst completion: 3.08 secs
 
--> 


Total memory usage is 607008 kilobytes

Number of errors   :    0 (   0 filtered)
Number of warnings :    4 (   0 filtered)
Number of infos    :    0 (   0 filtered)

